[fooror.com/en-us.html]
[backblue.gif]
[fade.gif]
[index.html]
[fooror.com/uk-ua.html]
[cdn.prod.website-files.com/6916200346ddd8428d3d953b/css/fooror-events.webflow.shared.3627ceca9.min.css]
[cdn.prod.website-files.com/6916200346ddd8428d3d953b/css/fooror-events.webflow.6916200446ddd8428d3d9573-f85fb9c5e.min.css]
[ajax.googleapis.com/ajax/libs/webfont/1.6.26/webfont.js]
[cdn.prod.website-files.com/6916200346ddd8428d3d953b/696791c2c7f748e0ed3a9edd_fav-icon-1.png]
[cdn.prod.website-files.com/6916200346ddd8428d3d953b/696791c6196452cea9ae3a2b_fav-icon.png]
[fooror.com/en-us/contacts.html]
[fooror.com/en-us/projects.html]
[fooror.com/en-us/consultation.html]
[fooror.com/en-us/pricing.html]
[d3e54v103j8qbb.cloudfront.net/js/jquery-3.5.1.min.dc5e7f18c82e8a.js]
[cdn.prod.website-files.com/6916200346ddd8428d3d953b/js/webflow.7af8f712.fd7bcef6a8abaa71.js]
[cdn.prod.website-files.com/gsap/3.14.2/gsap.min.js]
[cdn.prod.website-files.com/gsap/3.14.2/ScrollTrigger.min.js]
[cdn.prod.website-files.com/gsap/3.14.2/SplitText.min.js]
[fooror.com/href, window.location.href]
[fooror.com/window.location.href]
[unpkg.com/lenis@1.2.3/dist/lenis.css]
[fooror.com/en-us.html]
[unpkg.com/lenis@1.2.3/dist/lenis.min.js]
[fooror.com/uk-ua/contacts.html]
[fooror.com/uk-ua/projects.html]
[fooror.com/uk-ua/consultation.html]
[fooror.com/uk-ua/pricing.html]
[fooror.com/uk-ua.html]
[cdn.prod.website-files.com/6916200346ddd8428d3d953b/css/fooror-events.webflow.shared.3627ceca9.min.css]
[cdn.prod.website-files.com/6916200346ddd8428d3d953b/css/fooror-events.webflow.6916200446ddd8428d3d9573-f85fb9c5e.min.css]
[fooror.com/uk-ua/privacy-policy.html]
[cdn.prod.website-files.com/6916200346ddd8428d3d953b/css/fooror-events.webflow.693ecf9e3a0d8f97b1333509-b4c60c8fb.min.css]
[cdn.prod.website-files.com/6916200346ddd8428d3d953b/js/webflow.b8dcd45a.ce2fdae3fc037045.js]
[fooror.com/en-us/href, window.location.href]
[fooror.com/en-us/window.location.href]
[fooror.com/en-us/contacts.html]
[cdn.prod.website-files.com/6916200346ddd8428d3d953b/css/fooror-events.webflow.6940110e03a0f525bd0a98d8-26ff3e933.min.css]
[fooror.com/en-us/projects.html]
[cdn.prod.website-files.com/6916200346ddd8428d3d953b/js/webflow.4fb2d19e.8fc912c9c83b541d.js]
[cdn.prod.website-files.com/6916200346ddd8428d3d953b/css/fooror-events.webflow.693d3de2ba49429a768ed89f-a383c5889.min.css]
[fooror.com/en-us/consultation.html]
[cdn.prod.website-files.com/6916200346ddd8428d3d953b/js/webflow.e79b8f1e.ea97f499600d094c.js]
[cdn.prod.website-files.com/6916200346ddd8428d3d953b/css/fooror-events.webflow.693c4e4213cb9a7eed40a3de-7815f89b6.min.css]
[fooror.com/en-us/pricing.html]
[fooror.com/href, window.location.html]
[fooror.com/window.location.html]
[unpkg.com/lenis@1.2.3/dist/lenis.css]
[cdn.prod.website-files.com/6916200346ddd8428d3d953b/js/webflow.717498eb.dd06dce20d6e24cd.js]
[fooror.com/uk-ua/href, window.location.24.delayed]
[fooror.com/uk-ua/window.location.href]
[fooror.com/uk-ua/contacts.html]
[fooror.com/uk-ua/projects.html]
[fooror.com/uk-ua/consultation.html]
[fooror.com/uk-ua/pricing.html]
[fooror.com/uk-ua/privacy-policy.html]
[cdn.prod.website-files.com/6916200346ddd8428d3d953b/css/fooror-events.webflow.693ecf9e3a0d8f97b1333509-b4c60c8fb.min.css]
[fooror.com/en-us/href, window.location.html]
[fooror.com/en-us/window.location.html]
[cdn.prod.website-files.com/6916200346ddd8428d3d953b/css/fooror-events.webflow.6940110e03a0f525bd0a98d8-26ff3e933.min.css]
[cdn.prod.website-files.com/6916200346ddd8428d3d953b/css/fooror-events.webflow.693d3de2ba49429a768ed89f-a383c5889.min.css]
[cdn.prod.website-files.com/6916200346ddd8428d3d953b/css/fooror-events.webflow.693c4e4213cb9a7eed40a3de-7815f89b6.min.css]
[fooror.com/uk-ua/href, window.location.html]
[fooror.com/uk-ua/window.location.html]
[cdn.prod.website-files.com/6916200346ddd8428d3d953b/css/fooror-events.webflow.6966180fb0d05f02ec35c103-f3dc182cb.min.css]
[cdn.prod.website-files.com/6916200346ddd8428d3d953b/css/fooror-events.webflow.6966180fb0d05f02ec35c103-f3dc182cb.min.css]
[fooror.com/en-us/privacy-policy.html]
[fooror.com/index.html]
